ASxxxx Linker V03.00 + NoICE + sdld,  page 1.
Hexadecimal  [32-Bits]

Area                                    Addr        Size        Decimal Bytes (Attributes)
--------------------------------        ----        ----        ------- ----- ------------
CABS                                00000000    00000000 =           0. bytes (ABS,CON,CODE)

      Value  Global                              Global Defined In Module
      -----  --------------------------------   ------------------------
C:   00000000  l_BIT_BANK                      
C:   00000000  l_BSEG                          
C:   00000000  l_BSEG_BYTES                    
C:   00000000  l_CABS                          
C:   00000000  l_GSINIT1                       
C:   00000000  l_GSINIT5                       
C:   00000000  l_IABS                          
C:   00000000  l_ISEG                          
C:   00000000  l_PSEG                          
C:   00000000  l_REG_BANK_1                    
C:   00000000  l_REG_BANK_2                    
C:   00000000  l_REG_BANK_3                    
C:   00000000  l_RSEG                          
C:   00000000  l_RSEG0                         
C:   00000000  l_RSEG1                         
C:   00000000  l_XABS                          
C:   00000000  l_XINIT                         
C:   00000000  l_XISEG                         
C:   00000000  l_XSEG                          
C:   00000000  l__CODE                         
C:   00000000  s_BSEG                          
C:   00000000  s_CABS                          
C:   00000000  s_DSEG                          
C:   00000000  s_HOME                          
C:   00000000  s_IABS                          
C:   00000000  s_ISEG                          
C:   00000000  s_REG_BANK_0                    
C:   00000000  s_RSEG                          
C:   00000000  s_RSEG0                         
C:   00000000  s_RSEG1                         
C:   00000000  s_XABS                          
C:   00000001  s_PSEG                          
C:   00000001  s_XISEG                         
C:   00000001  s_XSEG                          
C:   00000002  l_OSEG                          
C:   00000003  l_GSFINAL                       
C:   00000003  l_GSINIT0                       
C:   00000006  l_HOME                          
C:   00000006  s_GSINIT0                       
C:   00000008  l_REG_BANK_0                    
C:   00000008  s_REG_BANK_1                    
C:   00000009  s_GSINIT1                       
C:   00000009  s_GSINIT2                       
C:   0000000A  l_GSINIT2                       
C:   00000010  s_REG_BANK_2                    
C:   00000013  s_GSINIT3                       
C:   00000018  s_BIT_BANK                      
C:   00000018  s_REG_BANK_3                    
C:   0000001D  l_CONST                         
C:   0000001F  s_OSEG                          
ASxxxx Linker V03.00 + NoICE + sdld,  page 2.
Hexadecimal  [32-Bits]

Area                                    Addr        Size        Decimal Bytes (Attributes)
--------------------------------        ----        ----        ------- ----- ------------
CABS                                00000000    00000000 =           0. bytes (ABS,CON,CODE)

      Value  Global                              Global Defined In Module
      -----  --------------------------------   ------------------------
C:   00000020  s_BSEG_BYTES                    
C:   00000020  s__CODE                         
C:   00000021  s_SSEG                          
C:   00000022  l_GSINIT3                       
C:   00000024  l_GSINIT                        
C:   0000002A  l_GSINIT4                       
C:   00000035  s_GSINIT4                       
C:   0000005F  s_GSINIT                        
C:   0000005F  s_GSINIT5                       
C:   00000080  l_DSEG                          
C:   00000083  s_GSFINAL                       
C:   00000086  s_CSEG                          
C:   000000DF  l_SSEG                          
C:   00000100  l_IRAM                          
C:   00000885  l_CSEG                          
C:   0000090B  s_CONST                         
C:   00000928  s_XINIT                         

ASxxxx Linker V03.00 + NoICE + sdld,  page 3.
Hexadecimal  [32-Bits]

Area                                    Addr        Size        Decimal Bytes (Attributes)
--------------------------------        ----        ----        ------- ----- ------------
.  .ABS.                            00000000    00000000 =           0. bytes (ABS,CON)

      Value  Global                              Global Defined In Module
      -----  --------------------------------   ------------------------
     00000000  .__.ABS.                           _startup
     00000080  _P0                                i2c
     00000080  _P0_0                              i2c
     00000081  _P0_1                              i2c
     00000081  _SP                                i2c
     00000082  _DPL                               i2c
     00000082  _P0_2                              i2c
     00000083  _DPH                               i2c
     00000083  _P0_3                              i2c
     00000084  _P0_4                              i2c
     00000085  _P0_5                              i2c
     00000086  _P0_6                              i2c
     00000087  _P0_7                              i2c
     00000087  _PCON                              i2c
     00000088  _IT0                               i2c
     00000088  _TCON                              i2c
     00000089  _IE0                               i2c
     00000089  _TMOD                              i2c
     0000008A  _IT1                               i2c
     0000008A  _TL0                               i2c
     0000008B  _IE1                               i2c
     0000008B  _TL1                               i2c
     0000008C  _TH0                               i2c
     0000008C  _TR0                               i2c
     0000008D  _TF0                               i2c
     0000008D  _TH1                               i2c
     0000008E  _TR1                               i2c
     0000008F  _TF1                               i2c
     00000090  _P1                                i2c
     00000090  _P1_0                              i2c
     00000091  _P1_1                              i2c
     00000092  _P1_2                              i2c
     00000093  _P1_3                              i2c
     00000094  _P1_4                              i2c
     00000095  _P1_5                              i2c
     00000096  _P1_6                              i2c
     00000097  _P1_7                              i2c
     00000098  _RI                                i2c
     00000098  _SCON                              i2c
     00000099  _SBUF                              i2c
     00000099  _TI                                i2c
     0000009A  _RB8                               i2c
     0000009B  _TB8                               i2c
     0000009C  _REN                               i2c
     0000009D  _SM2                               i2c
     0000009E  _SM1                               i2c
     0000009F  _SM0                               i2c
     000000A0  _P2                                i2c
     000000A0  _P2_0                              i2c
     000000A0  __XPAGE                            
ASxxxx Linker V03.00 + NoICE + sdld,  page 4.
Hexadecimal  [32-Bits]

Area                                    Addr        Size        Decimal Bytes (Attributes)
--------------------------------        ----        ----        ------- ----- ------------
.  .ABS.                            00000000    00000000 =           0. bytes (ABS,CON)

      Value  Global                              Global Defined In Module
      -----  --------------------------------   ------------------------
     000000A1  _P2_1                              i2c
     000000A2  _P2_2                              i2c
     000000A3  _P2_3                              i2c
     000000A4  _P2_4                              i2c
     000000A5  _P2_5                              i2c
     000000A6  _P2_6                              i2c
     000000A7  _P2_7                              i2c
     000000A8  _EX0                               i2c
     000000A8  _IE                                i2c
     000000A9  _ET0                               i2c
     000000AA  _EX1                               i2c
     000000AB  _ET1                               i2c
     000000AC  _ES                                i2c
     000000AD  _ET2                               binaryCount
     000000AF  _EA                                i2c
     000000B0  _P3                                i2c
     000000B0  _P3_0                              i2c
     000000B0  _RXD                               i2c
     000000B1  _P3_1                              i2c
     000000B1  _TXD                               i2c
     000000B2  _INT0                              i2c
     000000B2  _P3_2                              i2c
     000000B3  _INT1                              i2c
     000000B3  _P3_3                              i2c
     000000B4  _P3_4                              i2c
     000000B4  _T0                                i2c
     000000B5  _P3_5                              i2c
     000000B5  _T1                                i2c
     000000B6  _P3_6                              i2c
     000000B6  _WR                                i2c
     000000B7  _P3_7                              i2c
     000000B7  _RD                                i2c
     000000B8  _IP                                i2c
     000000B8  _PX0                               i2c
     000000B9  _PT0                               i2c
     000000BA  _PX1                               i2c
     000000BB  _PT1                               i2c
     000000BC  _PS                                i2c
     000000BD  _PT2                               binaryCount
     000000C8  _CP_RL2                            binaryCount
     000000C8  _T2CON                             binaryCount
     000000C8  _T2CON_0                           binaryCount
     000000C9  _C_T2                              binaryCount
     000000C9  _T2CON_1                           binaryCount
     000000CA  _RCAP2L                            binaryCount
     000000CA  _T2CON_2                           binaryCount
     000000CA  _TR2                               binaryCount
     000000CB  _EXEN2                             binaryCount
     000000CB  _RCAP2H                            binaryCount
     000000CB  _T2CON_3                           binaryCount
     000000CC  _T2CON_4                           binaryCount
ASxxxx Linker V03.00 + NoICE + sdld,  page 5.
Hexadecimal  [32-Bits]

Area                                    Addr        Size        Decimal Bytes (Attributes)
--------------------------------        ----        ----        ------- ----- ------------
.  .ABS.                            00000000    00000000 =           0. bytes (ABS,CON)

      Value  Global                              Global Defined In Module
      -----  --------------------------------   ------------------------
     000000CC  _TCLK                              binaryCount
     000000CC  _TL2                               binaryCount
     000000CD  _RCLK                              binaryCount
     000000CD  _T2CON_5                           binaryCount
     000000CD  _TH2                               binaryCount
     000000CE  _EXF2                              binaryCount
     000000CE  _T2CON_6                           binaryCount
     000000CF  _T2CON_7                           binaryCount
     000000CF  _TF2                               binaryCount
     000000D0  _P                                 i2c
     000000D0  _PSW                               i2c
     000000D1  _F1                                i2c
     000000D2  _OV                                i2c
     000000D3  _RS0                               i2c
     000000D4  _RS1                               i2c
     000000D5  _F0                                i2c
     000000D6  _AC                                i2c
     000000D7  _CY                                i2c
     000000E0  _ACC                               i2c
     000000F0  _B                                 i2c
     000000F5  _B_5                               _gptrget
     000000F6  _B_6                               _gptrget
     000000F7  _B_7                               _gptrget

ASxxxx Linker V03.00 + NoICE + sdld,  page 6.
Hexadecimal  [32-Bits]

Area                                    Addr        Size        Decimal Bytes (Attributes)
--------------------------------        ----        ----        ------- ----- ------------
REG_BANK_0                          00000000    00000008 =           8. bytes (REL,OVR)

      Value  Global                              Global Defined In Module
      -----  --------------------------------   ------------------------
ASxxxx Linker V03.00 + NoICE + sdld,  page 7.
Hexadecimal  [32-Bits]

Area                                    Addr        Size        Decimal Bytes (Attributes)
--------------------------------        ----        ----        ------- ----- ------------
DSEG                                00000000    00000080 =         128. bytes (REL,CON)

      Value  Global                              Global Defined In Module
      -----  --------------------------------   ------------------------
     00000008  _mode                              main
     00000009  _numTable                          a_lcd
     00000013  _lcdVal                            a_lcd
     00000017  _showLcd_PARM_2                    a_lcd
     0000001D  _i2c_write_byte_PARM_2             i2c
     0000001E  _lcd_writeChar_PARM_2              i2c
ASxxxx Linker V03.00 + NoICE + sdld,  page 8.
Hexadecimal  [32-Bits]

Area                                    Addr        Size        Decimal Bytes (Attributes)
--------------------------------        ----        ----        ------- ----- ------------
OSEG                                0000001F    00000002 =           2. bytes (REL,OVR)

      Value  Global                              Global Defined In Module
      -----  --------------------------------   ------------------------
     0000001F  __divsint_PARM_2                   _divuint
     0000001F  __divuint_PARM_2                   _divuint
     0000001F  __modsint_PARM_2                   _moduint
     0000001F  __moduint_PARM_2                   _moduint
     0000001F  __mulint_PARM_2                    _mulint
     0000001F  _setLcd_PARM_2                     a_lcd
ASxxxx Linker V03.00 + NoICE + sdld,  page 9.
Hexadecimal  [32-Bits]

Area                                    Addr        Size        Decimal Bytes (Attributes)
--------------------------------        ----        ----        ------- ----- ------------
SSEG                                00000021    000000DF =         223. bytes (REL,OVR)

      Value  Global                              Global Defined In Module
      -----  --------------------------------   ------------------------
     00000021  __start__stack                     main

ASxxxx Linker V03.00 + NoICE + sdld,  page 10.
Hexadecimal  [32-Bits]

Area                                    Addr        Size        Decimal Bytes (Attributes)
--------------------------------        ----        ----        ------- ----- ------------
HOME                                00000000    00000006 =           6. bytes (REL,CON,CODE)

      Value  Global                              Global Defined In Module
      -----  --------------------------------   ------------------------
C:   00000003  __sdcc_program_startup             main

ASxxxx Linker V03.00 + NoICE + sdld,  page 11.
Hexadecimal  [32-Bits]

Area                                    Addr        Size        Decimal Bytes (Attributes)
--------------------------------        ----        ----        ------- ----- ------------
GSINIT0                             00000006    00000003 =           3. bytes (REL,CON,CODE)

      Value  Global                              Global Defined In Module
      -----  --------------------------------   ------------------------
C:   00000006  __sdcc_gsinit_startup              

ASxxxx Linker V03.00 + NoICE + sdld,  page 12.
Hexadecimal  [32-Bits]

Area                                    Addr        Size        Decimal Bytes (Attributes)
--------------------------------        ----        ----        ------- ----- ------------
GSINIT2                             00000009    0000000A =          10. bytes (REL,CON,CODE)

      Value  Global                              Global Defined In Module
      -----  --------------------------------   ------------------------
ASxxxx Linker V03.00 + NoICE + sdld,  page 13.
Hexadecimal  [32-Bits]

Area                                    Addr        Size        Decimal Bytes (Attributes)
--------------------------------        ----        ----        ------- ----- ------------
GSINIT3                             00000013    00000022 =          34. bytes (REL,CON,CODE)

      Value  Global                              Global Defined In Module
      -----  --------------------------------   ------------------------
C:   00000013  __mcs51_genXINIT                   

ASxxxx Linker V03.00 + NoICE + sdld,  page 14.
Hexadecimal  [32-Bits]

Area                                    Addr        Size        Decimal Bytes (Attributes)
--------------------------------        ----        ----        ------- ----- ------------
GSINIT4                             00000035    0000002A =          42. bytes (REL,CON,CODE)

      Value  Global                              Global Defined In Module
      -----  --------------------------------   ------------------------
C:   00000035  __mcs51_genRAMCLEAR                
C:   0000003B  __mcs51_genXRAMCLEAR               

ASxxxx Linker V03.00 + NoICE + sdld,  page 15.
Hexadecimal  [32-Bits]

Area                                    Addr        Size        Decimal Bytes (Attributes)
--------------------------------        ----        ----        ------- ----- ------------
GSINIT                              0000005F    00000024 =          36. bytes (REL,CON,CODE)

      Value  Global                              Global Defined In Module
      -----  --------------------------------   ------------------------
ASxxxx Linker V03.00 + NoICE + sdld,  page 16.
Hexadecimal  [32-Bits]

Area                                    Addr        Size        Decimal Bytes (Attributes)
--------------------------------        ----        ----        ------- ----- ------------
GSFINAL                             00000083    00000003 =           3. bytes (REL,CON,CODE)

      Value  Global                              Global Defined In Module
      -----  --------------------------------   ------------------------
ASxxxx Linker V03.00 + NoICE + sdld,  page 17.
Hexadecimal  [32-Bits]

Area                                    Addr        Size        Decimal Bytes (Attributes)
--------------------------------        ----        ----        ------- ----- ------------
CSEG                                00000086    00000885 =        2181. bytes (REL,CON,CODE)

      Value  Global                              Global Defined In Module
      -----  --------------------------------   ------------------------
C:   00000086  _getMode                           main
C:   00000098  _main                              main
C:   000000E3  _lcdDelay                          a_lcd
C:   000000F4  _showLcd2                          a_lcd
C:   00000139  _showLcd3                          a_lcd
C:   00000185  _showLcd                           a_lcd
C:   000001CD  _sumLcdVal                         a_lcd
C:   0000022D  _addLcd                            a_lcd
C:   00000265  _minusLcd2                         a_lcd
C:   000002DD  _minusLcd                          a_lcd
C:   000003BD  _setLcd                            a_lcd
C:   000003C5  _readButton_helper                 buttonPress
C:   000003E4  _readButton                        buttonPress
C:   000004A3  _binaryCount                       binaryCount
C:   000004C7  _digitDisplay_helper               binaryCount
C:   000004F8  _digitDisplay                      binaryCount
C:   00000503  _cylon                             binaryCount
C:   00000559  _dualCylon                         binaryCount
C:   00000597  _i2c_delay                         i2c
C:   000005A9  _delayMs                           i2c
C:   000005C1  _i2c_start                         i2c
C:   000005D6  _i2c_stop                          i2c
C:   000005EF  _i2c_write                         i2c
C:   00000657  _i2c_read                          i2c
C:   00000692  _i2c_write_byte                    i2c
C:   000006AC  _i2c_read_byte                     i2c
C:   000006DD  _lcd_send_bits                     i2c
C:   00000715  _lcd_writeChar                     i2c
C:   0000073B  _lcd_writeString                   i2c
C:   00000773  _lcd_Init                          i2c
C:   000007C1  _printMessage                      i2c
C:   000007EA  __mulint                           _mulint
C:   000007EA  __mulint_dummy                     _mulint
C:   00000807  __moduint                          _moduint
C:   00000854  __divuint                          _divuint
C:   0000087D  __gptrget                          _gptrget
C:   00000899  __modsint                          _modsint
C:   000008CF  __divsint                          _divsint
C:   00000907  __sdcc_external_startup            _startup
ASxxxx Linker V03.00 + NoICE + sdld,  page 18.
Hexadecimal  [32-Bits]

Area                                    Addr        Size        Decimal Bytes (Attributes)
--------------------------------        ----        ----        ------- ----- ------------
CONST                               0000090B    0000001D =          29. bytes (REL,CON,CODE)

      Value  Global                              Global Defined In Module
      -----  --------------------------------   ------------------------
ASxxxx Linker V03.00 + NoICE + sdld,  page 19.

Files Linked                              [ module(s) ]

main.rel                                  [  ]
../a_lcd/a_lcd.rel                        [  ]
../buttonPress/buttonPress.rel            [  ]
../binaryCount/binaryCount.rel            [  ]
../i2c/i2c.rel                            [  ]


Libraries Linked                          [ object file ]

/usr/bin/../share/sdcc/lib/small/mcs51.lib
                                          [ crtclear.rel ]
/usr/bin/../share/sdcc/lib/small/mcs51.lib
                                          [ crtxinit.rel ]
/usr/bin/../share/sdcc/lib/small/libint.lib
                                          [ _mulint.rel ]
/usr/bin/../share/sdcc/lib/small/libint.lib
                                          [ _moduint.rel ]
/usr/bin/../share/sdcc/lib/small/libint.lib
                                          [ _divuint.rel ]
/usr/bin/../share/sdcc/lib/small/mcs51.lib
                                          [ crtxclear.rel ]
/usr/bin/../share/sdcc/lib/small/mcs51.lib
                                          [ crtpagesfr.rel ]
/usr/bin/../share/sdcc/lib/small/mcs51.lib
                                          [ crtstart.rel ]
/usr/bin/../share/sdcc/lib/small/libsdcc.lib
                                          [ _gptrget.rel ]
/usr/bin/../share/sdcc/lib/small/libint.lib
                                          [ _modsint.rel ]
/usr/bin/../share/sdcc/lib/small/libint.lib
                                          [ _divsint.rel ]
/usr/bin/../share/sdcc/lib/small/libsdcc.lib
                                          [ _startup.rel ]

ASxxxx Linker V03.00 + NoICE + sdld,  page 20.

User Base Address Definitions

HOME = 0x0000
XSEG = 0x0001
PSEG = 0x0001
ISEG = 0x0000
BSEG = 0x0000

