ASxxxx Linker V03.00 + NoICE + sdld,  page 1.
Hexadecimal  [32-Bits]

Area                                    Addr        Size        Decimal Bytes (Attributes)
--------------------------------        ----        ----        ------- ----- ------------
CABS                                00000000    00000000 =           0. bytes (ABS,CON,CODE)

      Value  Global                              Global Defined In Module
      -----  --------------------------------   ------------------------
C:   00000000  l_BIT_BANK                      
C:   00000000  l_BSEG                          
C:   00000000  l_BSEG_BYTES                    
C:   00000000  l_CABS                          
C:   00000000  l_CONST                         
C:   00000000  l_GSINIT1                       
C:   00000000  l_GSINIT5                       
C:   00000000  l_IABS                          
C:   00000000  l_ISEG                          
C:   00000000  l_OSEG                          
C:   00000000  l_PSEG                          
C:   00000000  l_REG_BANK_1                    
C:   00000000  l_REG_BANK_2                    
C:   00000000  l_REG_BANK_3                    
C:   00000000  l_RSEG                          
C:   00000000  l_RSEG0                         
C:   00000000  l_RSEG1                         
C:   00000000  l_XABS                          
C:   00000000  l_XINIT                         
C:   00000000  l_XISEG                         
C:   00000000  l_XSEG                          
C:   00000000  l__CODE                         
C:   00000000  s_BSEG                          
C:   00000000  s_CABS                          
C:   00000000  s_DSEG                          
C:   00000000  s_HOME                          
C:   00000000  s_IABS                          
C:   00000000  s_ISEG                          
C:   00000000  s_REG_BANK_0                    
C:   00000000  s_RSEG                          
C:   00000000  s_RSEG0                         
C:   00000000  s_RSEG1                         
C:   00000000  s_XABS                          
C:   00000001  s_PSEG                          
C:   00000001  s_XISEG                         
C:   00000001  s_XSEG                          
C:   00000003  l_GSFINAL                       
C:   00000003  l_GSINIT0                       
C:   00000006  l_HOME                          
C:   00000006  s_GSINIT0                       
C:   00000008  l_REG_BANK_0                    
C:   00000008  s_REG_BANK_1                    
C:   00000009  s_GSINIT1                       
C:   00000009  s_GSINIT2                       
C:   0000000A  l_GSINIT2                       
C:   00000010  s_REG_BANK_2                    
C:   00000012  s_SSEG                          
C:   00000013  s_GSINIT3                       
C:   00000018  s_BIT_BANK                      
C:   00000018  s_OSEG                          
ASxxxx Linker V03.00 + NoICE + sdld,  page 2.
Hexadecimal  [32-Bits]

Area                                    Addr        Size        Decimal Bytes (Attributes)
--------------------------------        ----        ----        ------- ----- ------------
CABS                                00000000    00000000 =           0. bytes (ABS,CON,CODE)

      Value  Global                              Global Defined In Module
      -----  --------------------------------   ------------------------
C:   00000018  s_REG_BANK_3                    
C:   0000001E  l_GSINIT                        
C:   00000020  s_BSEG_BYTES                    
C:   00000020  s__CODE                         
C:   00000022  l_GSINIT3                       
C:   0000002A  l_GSINIT4                       
C:   00000035  s_GSINIT4                       
C:   0000004D  l_CSEG                          
C:   0000005F  s_GSINIT                        
C:   0000005F  s_GSINIT5                       
C:   0000007D  s_GSFINAL                       
C:   00000080  l_DSEG                          
C:   00000080  s_CSEG                          
C:   000000CD  s_CONST                         
C:   000000CD  s_XINIT                         
C:   000000EE  l_SSEG                          
C:   00000100  l_IRAM                          

ASxxxx Linker V03.00 + NoICE + sdld,  page 3.
Hexadecimal  [32-Bits]

Area                                    Addr        Size        Decimal Bytes (Attributes)
--------------------------------        ----        ----        ------- ----- ------------
.  .ABS.                            00000000    00000000 =           0. bytes (ABS,CON)

      Value  Global                              Global Defined In Module
      -----  --------------------------------   ------------------------
     00000000  .__.ABS.                           _startup
     00000080  _P0                                lcdDisplay
     00000080  _P0_0                              lcdDisplay
     00000081  _P0_1                              lcdDisplay
     00000081  _SP                                lcdDisplay
     00000082  _DPL                               lcdDisplay
     00000082  _P0_2                              lcdDisplay
     00000083  _DPH                               lcdDisplay
     00000083  _P0_3                              lcdDisplay
     00000084  _P0_4                              lcdDisplay
     00000085  _P0_5                              lcdDisplay
     00000086  _P0_6                              lcdDisplay
     00000087  _P0_7                              lcdDisplay
     00000087  _PCON                              lcdDisplay
     00000088  _IT0                               lcdDisplay
     00000088  _TCON                              lcdDisplay
     00000089  _IE0                               lcdDisplay
     00000089  _TMOD                              lcdDisplay
     0000008A  _IT1                               lcdDisplay
     0000008A  _TL0                               lcdDisplay
     0000008B  _IE1                               lcdDisplay
     0000008B  _TL1                               lcdDisplay
     0000008C  _TH0                               lcdDisplay
     0000008C  _TR0                               lcdDisplay
     0000008D  _TF0                               lcdDisplay
     0000008D  _TH1                               lcdDisplay
     0000008E  _TR1                               lcdDisplay
     0000008F  _TF1                               lcdDisplay
     00000090  _P1                                lcdDisplay
     00000090  _P1_0                              lcdDisplay
     00000091  _P1_1                              lcdDisplay
     00000092  _P1_2                              lcdDisplay
     00000093  _P1_3                              lcdDisplay
     00000094  _P1_4                              lcdDisplay
     00000095  _P1_5                              lcdDisplay
     00000096  _P1_6                              lcdDisplay
     00000097  _P1_7                              lcdDisplay
     00000098  _RI                                lcdDisplay
     00000098  _SCON                              lcdDisplay
     00000099  _SBUF                              lcdDisplay
     00000099  _TI                                lcdDisplay
     0000009A  _RB8                               lcdDisplay
     0000009B  _TB8                               lcdDisplay
     0000009C  _REN                               lcdDisplay
     0000009D  _SM2                               lcdDisplay
     0000009E  _SM1                               lcdDisplay
     0000009F  _SM0                               lcdDisplay
     000000A0  _P2                                lcdDisplay
     000000A0  _P2_0                              lcdDisplay
     000000A0  __XPAGE                            
ASxxxx Linker V03.00 + NoICE + sdld,  page 4.
Hexadecimal  [32-Bits]

Area                                    Addr        Size        Decimal Bytes (Attributes)
--------------------------------        ----        ----        ------- ----- ------------
.  .ABS.                            00000000    00000000 =           0. bytes (ABS,CON)

      Value  Global                              Global Defined In Module
      -----  --------------------------------   ------------------------
     000000A1  _P2_1                              lcdDisplay
     000000A2  _P2_2                              lcdDisplay
     000000A3  _P2_3                              lcdDisplay
     000000A4  _P2_4                              lcdDisplay
     000000A5  _P2_5                              lcdDisplay
     000000A6  _P2_6                              lcdDisplay
     000000A7  _P2_7                              lcdDisplay
     000000A8  _EX0                               lcdDisplay
     000000A8  _IE                                lcdDisplay
     000000A9  _ET0                               lcdDisplay
     000000AA  _EX1                               lcdDisplay
     000000AB  _ET1                               lcdDisplay
     000000AC  _ES                                lcdDisplay
     000000AF  _EA                                lcdDisplay
     000000B0  _P3                                lcdDisplay
     000000B0  _P3_0                              lcdDisplay
     000000B0  _RXD                               lcdDisplay
     000000B1  _P3_1                              lcdDisplay
     000000B1  _TXD                               lcdDisplay
     000000B2  _INT0                              lcdDisplay
     000000B2  _P3_2                              lcdDisplay
     000000B3  _INT1                              lcdDisplay
     000000B3  _P3_3                              lcdDisplay
     000000B4  _P3_4                              lcdDisplay
     000000B4  _T0                                lcdDisplay
     000000B5  _P3_5                              lcdDisplay
     000000B5  _T1                                lcdDisplay
     000000B6  _P3_6                              lcdDisplay
     000000B6  _WR                                lcdDisplay
     000000B7  _P3_7                              lcdDisplay
     000000B7  _RD                                lcdDisplay
     000000B8  _IP                                lcdDisplay
     000000B8  _PX0                               lcdDisplay
     000000B9  _PT0                               lcdDisplay
     000000BA  _PX1                               lcdDisplay
     000000BB  _PT1                               lcdDisplay
     000000BC  _PS                                lcdDisplay
     000000D0  _P                                 lcdDisplay
     000000D0  _PSW                               lcdDisplay
     000000D1  _F1                                lcdDisplay
     000000D2  _OV                                lcdDisplay
     000000D3  _RS0                               lcdDisplay
     000000D4  _RS1                               lcdDisplay
     000000D5  _F0                                lcdDisplay
     000000D6  _AC                                lcdDisplay
     000000D7  _CY                                lcdDisplay
     000000E0  _ACC                               lcdDisplay
     000000F0  _B                                 lcdDisplay

ASxxxx Linker V03.00 + NoICE + sdld,  page 5.
Hexadecimal  [32-Bits]

Area                                    Addr        Size        Decimal Bytes (Attributes)
--------------------------------        ----        ----        ------- ----- ------------
REG_BANK_0                          00000000    00000008 =           8. bytes (REL,OVR)

      Value  Global                              Global Defined In Module
      -----  --------------------------------   ------------------------
ASxxxx Linker V03.00 + NoICE + sdld,  page 6.
Hexadecimal  [32-Bits]

Area                                    Addr        Size        Decimal Bytes (Attributes)
--------------------------------        ----        ----        ------- ----- ------------
DSEG                                00000000    00000080 =         128. bytes (REL,CON)

      Value  Global                              Global Defined In Module
      -----  --------------------------------   ------------------------
     00000008  _table                             lcdDisplay

ASxxxx Linker V03.00 + NoICE + sdld,  page 7.
Hexadecimal  [32-Bits]

Area                                    Addr        Size        Decimal Bytes (Attributes)
--------------------------------        ----        ----        ------- ----- ------------
SSEG                                00000012    000000EE =         238. bytes (REL,OVR)

      Value  Global                              Global Defined In Module
      -----  --------------------------------   ------------------------
     00000012  __start__stack                     lcdDisplay

ASxxxx Linker V03.00 + NoICE + sdld,  page 8.
Hexadecimal  [32-Bits]

Area                                    Addr        Size        Decimal Bytes (Attributes)
--------------------------------        ----        ----        ------- ----- ------------
HOME                                00000000    00000006 =           6. bytes (REL,CON,CODE)

      Value  Global                              Global Defined In Module
      -----  --------------------------------   ------------------------
C:   00000003  __sdcc_program_startup             lcdDisplay

ASxxxx Linker V03.00 + NoICE + sdld,  page 9.
Hexadecimal  [32-Bits]

Area                                    Addr        Size        Decimal Bytes (Attributes)
--------------------------------        ----        ----        ------- ----- ------------
GSINIT0                             00000006    00000003 =           3. bytes (REL,CON,CODE)

      Value  Global                              Global Defined In Module
      -----  --------------------------------   ------------------------
C:   00000006  __sdcc_gsinit_startup              

ASxxxx Linker V03.00 + NoICE + sdld,  page 10.
Hexadecimal  [32-Bits]

Area                                    Addr        Size        Decimal Bytes (Attributes)
--------------------------------        ----        ----        ------- ----- ------------
GSINIT2                             00000009    0000000A =          10. bytes (REL,CON,CODE)

      Value  Global                              Global Defined In Module
      -----  --------------------------------   ------------------------
ASxxxx Linker V03.00 + NoICE + sdld,  page 11.
Hexadecimal  [32-Bits]

Area                                    Addr        Size        Decimal Bytes (Attributes)
--------------------------------        ----        ----        ------- ----- ------------
GSINIT3                             00000013    00000022 =          34. bytes (REL,CON,CODE)

      Value  Global                              Global Defined In Module
      -----  --------------------------------   ------------------------
C:   00000013  __mcs51_genXINIT                   

ASxxxx Linker V03.00 + NoICE + sdld,  page 12.
Hexadecimal  [32-Bits]

Area                                    Addr        Size        Decimal Bytes (Attributes)
--------------------------------        ----        ----        ------- ----- ------------
GSINIT4                             00000035    0000002A =          42. bytes (REL,CON,CODE)

      Value  Global                              Global Defined In Module
      -----  --------------------------------   ------------------------
C:   00000035  __mcs51_genRAMCLEAR                
C:   0000003B  __mcs51_genXRAMCLEAR               

ASxxxx Linker V03.00 + NoICE + sdld,  page 13.
Hexadecimal  [32-Bits]

Area                                    Addr        Size        Decimal Bytes (Attributes)
--------------------------------        ----        ----        ------- ----- ------------
GSINIT                              0000005F    0000001E =          30. bytes (REL,CON,CODE)

      Value  Global                              Global Defined In Module
      -----  --------------------------------   ------------------------
ASxxxx Linker V03.00 + NoICE + sdld,  page 14.
Hexadecimal  [32-Bits]

Area                                    Addr        Size        Decimal Bytes (Attributes)
--------------------------------        ----        ----        ------- ----- ------------
GSFINAL                             0000007D    00000003 =           3. bytes (REL,CON,CODE)

      Value  Global                              Global Defined In Module
      -----  --------------------------------   ------------------------
ASxxxx Linker V03.00 + NoICE + sdld,  page 15.
Hexadecimal  [32-Bits]

Area                                    Addr        Size        Decimal Bytes (Attributes)
--------------------------------        ----        ----        ------- ----- ------------
CSEG                                00000080    0000004D =          77. bytes (REL,CON,CODE)

      Value  Global                              Global Defined In Module
      -----  --------------------------------   ------------------------
C:   00000080  _delay                             lcdDisplay
C:   00000091  _display                           lcdDisplay
C:   000000C6  _main                              lcdDisplay
C:   000000C9  __sdcc_external_startup            _startup

ASxxxx Linker V03.00 + NoICE + sdld,  page 16.

Files Linked                              [ module(s) ]

lcdDisplay.rel                            [  ]


Libraries Linked                          [ object file ]

/usr/bin/../share/sdcc/lib/small/mcs51.lib
                                          [ crtclear.rel ]
/usr/bin/../share/sdcc/lib/small/mcs51.lib
                                          [ crtxinit.rel ]
/usr/bin/../share/sdcc/lib/small/mcs51.lib
                                          [ crtxclear.rel ]
/usr/bin/../share/sdcc/lib/small/mcs51.lib
                                          [ crtpagesfr.rel ]
/usr/bin/../share/sdcc/lib/small/mcs51.lib
                                          [ crtstart.rel ]
/usr/bin/../share/sdcc/lib/small/libsdcc.lib
                                          [ _startup.rel ]

ASxxxx Linker V03.00 + NoICE + sdld,  page 17.

User Base Address Definitions

HOME = 0x0000
XSEG = 0x0001
PSEG = 0x0001
ISEG = 0x0000
BSEG = 0x0000

