ASxxxx Linker V03.00 + NoICE + sdld,  page 1.
Hexadecimal  [32-Bits]

Area                                    Addr        Size        Decimal Bytes (Attributes)
--------------------------------        ----        ----        ------- ----- ------------
CABS                                00000000    00000000 =           0. bytes (ABS,CON,CODE)

      Value  Global                              Global Defined In Module
      -----  --------------------------------   ------------------------
C:   00000000  l_BIT_BANK                      
C:   00000000  l_BSEG                          
C:   00000000  l_BSEG_BYTES                    
C:   00000000  l_CABS                          
C:   00000000  l_CONST                         
C:   00000000  l_GSINIT1                       
C:   00000000  l_GSINIT5                       
C:   00000000  l_IABS                          
C:   00000000  l_ISEG                          
C:   00000000  l_PSEG                          
C:   00000000  l_REG_BANK_1                    
C:   00000000  l_REG_BANK_2                    
C:   00000000  l_REG_BANK_3                    
C:   00000000  l_RSEG                          
C:   00000000  l_RSEG0                         
C:   00000000  l_RSEG1                         
C:   00000000  l_XABS                          
C:   00000000  l_XINIT                         
C:   00000000  l_XISEG                         
C:   00000000  l_XSEG                          
C:   00000000  l__CODE                         
C:   00000000  s_BSEG                          
C:   00000000  s_CABS                          
C:   00000000  s_DSEG                          
C:   00000000  s_HOME                          
C:   00000000  s_IABS                          
C:   00000000  s_ISEG                          
C:   00000000  s_REG_BANK_0                    
C:   00000000  s_RSEG                          
C:   00000000  s_RSEG0                         
C:   00000000  s_RSEG1                         
C:   00000000  s_XABS                          
C:   00000001  l_OSEG                          
C:   00000001  s_PSEG                          
C:   00000001  s_XISEG                         
C:   00000001  s_XSEG                          
C:   00000003  l_GSFINAL                       
C:   00000003  l_GSINIT0                       
C:   00000006  l_HOME                          
C:   00000006  s_GSINIT0                       
C:   00000008  l_REG_BANK_0                    
C:   00000008  s_REG_BANK_1                    
C:   00000009  s_GSINIT1                       
C:   00000009  s_GSINIT2                       
C:   0000000A  l_GSINIT2                       
C:   00000010  s_REG_BANK_2                    
C:   00000013  s_GSINIT3                       
C:   00000017  s_OSEG                          
C:   00000018  s_BIT_BANK                      
C:   00000018  s_REG_BANK_3                    
ASxxxx Linker V03.00 + NoICE + sdld,  page 2.
Hexadecimal  [32-Bits]

Area                                    Addr        Size        Decimal Bytes (Attributes)
--------------------------------        ----        ----        ------- ----- ------------
CABS                                00000000    00000000 =           0. bytes (ABS,CON,CODE)

      Value  Global                              Global Defined In Module
      -----  --------------------------------   ------------------------
C:   00000018  s_SSEG                          
C:   00000020  s_BSEG_BYTES                    
C:   00000020  s__CODE                         
C:   00000021  l_GSINIT                        
C:   00000022  l_GSINIT3                       
C:   0000002A  l_GSINIT4                       
C:   00000035  s_GSINIT4                       
C:   0000005F  s_GSINIT                        
C:   0000005F  s_GSINIT5                       
C:   00000080  l_DSEG                          
C:   00000080  s_GSFINAL                       
C:   00000083  s_CSEG                          
C:   000000E8  l_SSEG                          
C:   00000100  l_IRAM                          
C:   00000192  l_CSEG                          
C:   00000215  s_CONST                         
C:   00000215  s_XINIT                         

ASxxxx Linker V03.00 + NoICE + sdld,  page 3.
Hexadecimal  [32-Bits]

Area                                    Addr        Size        Decimal Bytes (Attributes)
--------------------------------        ----        ----        ------- ----- ------------
.  .ABS.                            00000000    00000000 =           0. bytes (ABS,CON)

      Value  Global                              Global Defined In Module
      -----  --------------------------------   ------------------------
     00000000  .__.ABS.                           _startup
     00000080  _P0                                a_lcd
     00000080  _P0_0                              a_lcd
     00000081  _P0_1                              a_lcd
     00000081  _SP                                a_lcd
     00000082  _DPL                               a_lcd
     00000082  _P0_2                              a_lcd
     00000083  _DPH                               a_lcd
     00000083  _P0_3                              a_lcd
     00000084  _P0_4                              a_lcd
     00000085  _P0_5                              a_lcd
     00000086  _P0_6                              a_lcd
     00000087  _P0_7                              a_lcd
     00000087  _PCON                              a_lcd
     00000088  _IT0                               a_lcd
     00000088  _TCON                              a_lcd
     00000089  _IE0                               a_lcd
     00000089  _TMOD                              a_lcd
     0000008A  _IT1                               a_lcd
     0000008A  _TL0                               a_lcd
     0000008B  _IE1                               a_lcd
     0000008B  _TL1                               a_lcd
     0000008C  _TH0                               a_lcd
     0000008C  _TR0                               a_lcd
     0000008D  _TF0                               a_lcd
     0000008D  _TH1                               a_lcd
     0000008E  _TR1                               a_lcd
     0000008F  _TF1                               a_lcd
     00000090  _P1                                a_lcd
     00000090  _P1_0                              a_lcd
     00000091  _P1_1                              a_lcd
     00000092  _P1_2                              a_lcd
     00000093  _P1_3                              a_lcd
     00000094  _P1_4                              a_lcd
     00000095  _P1_5                              a_lcd
     00000096  _P1_6                              a_lcd
     00000097  _P1_7                              a_lcd
     00000098  _RI                                a_lcd
     00000098  _SCON                              a_lcd
     00000099  _SBUF                              a_lcd
     00000099  _TI                                a_lcd
     0000009A  _RB8                               a_lcd
     0000009B  _TB8                               a_lcd
     0000009C  _REN                               a_lcd
     0000009D  _SM2                               a_lcd
     0000009E  _SM1                               a_lcd
     0000009F  _SM0                               a_lcd
     000000A0  _P2                                a_lcd
     000000A0  _P2_0                              a_lcd
     000000A0  __XPAGE                            
ASxxxx Linker V03.00 + NoICE + sdld,  page 4.
Hexadecimal  [32-Bits]

Area                                    Addr        Size        Decimal Bytes (Attributes)
--------------------------------        ----        ----        ------- ----- ------------
.  .ABS.                            00000000    00000000 =           0. bytes (ABS,CON)

      Value  Global                              Global Defined In Module
      -----  --------------------------------   ------------------------
     000000A1  _P2_1                              a_lcd
     000000A2  _P2_2                              a_lcd
     000000A3  _P2_3                              a_lcd
     000000A4  _P2_4                              a_lcd
     000000A5  _P2_5                              a_lcd
     000000A6  _P2_6                              a_lcd
     000000A7  _P2_7                              a_lcd
     000000A8  _EX0                               a_lcd
     000000A8  _IE                                a_lcd
     000000A9  _ET0                               a_lcd
     000000AA  _EX1                               a_lcd
     000000AB  _ET1                               a_lcd
     000000AC  _ES                                a_lcd
     000000AD  _ET2                               buttonPress
     000000AF  _EA                                a_lcd
     000000B0  _P3                                a_lcd
     000000B0  _P3_0                              a_lcd
     000000B0  _RXD                               a_lcd
     000000B1  _P3_1                              a_lcd
     000000B1  _TXD                               a_lcd
     000000B2  _INT0                              a_lcd
     000000B2  _P3_2                              a_lcd
     000000B3  _INT1                              a_lcd
     000000B3  _P3_3                              a_lcd
     000000B4  _P3_4                              a_lcd
     000000B4  _T0                                a_lcd
     000000B5  _P3_5                              a_lcd
     000000B5  _T1                                a_lcd
     000000B6  _P3_6                              a_lcd
     000000B6  _WR                                a_lcd
     000000B7  _P3_7                              a_lcd
     000000B7  _RD                                a_lcd
     000000B8  _IP                                a_lcd
     000000B8  _PX0                               a_lcd
     000000B9  _PT0                               a_lcd
     000000BA  _PX1                               a_lcd
     000000BB  _PT1                               a_lcd
     000000BC  _PS                                a_lcd
     000000BD  _PT2                               buttonPress
     000000C8  _CP_RL2                            buttonPress
     000000C8  _T2CON                             buttonPress
     000000C8  _T2CON_0                           buttonPress
     000000C9  _C_T2                              buttonPress
     000000C9  _T2CON_1                           buttonPress
     000000CA  _RCAP2L                            buttonPress
     000000CA  _T2CON_2                           buttonPress
     000000CA  _TR2                               buttonPress
     000000CB  _EXEN2                             buttonPress
     000000CB  _RCAP2H                            buttonPress
     000000CB  _T2CON_3                           buttonPress
     000000CC  _T2CON_4                           buttonPress
ASxxxx Linker V03.00 + NoICE + sdld,  page 5.
Hexadecimal  [32-Bits]

Area                                    Addr        Size        Decimal Bytes (Attributes)
--------------------------------        ----        ----        ------- ----- ------------
.  .ABS.                            00000000    00000000 =           0. bytes (ABS,CON)

      Value  Global                              Global Defined In Module
      -----  --------------------------------   ------------------------
     000000CC  _TCLK                              buttonPress
     000000CC  _TL2                               buttonPress
     000000CD  _RCLK                              buttonPress
     000000CD  _T2CON_5                           buttonPress
     000000CD  _TH2                               buttonPress
     000000CE  _EXF2                              buttonPress
     000000CE  _T2CON_6                           buttonPress
     000000CF  _T2CON_7                           buttonPress
     000000CF  _TF2                               buttonPress
     000000D0  _P                                 a_lcd
     000000D0  _PSW                               a_lcd
     000000D1  _F1                                a_lcd
     000000D2  _OV                                a_lcd
     000000D3  _RS0                               a_lcd
     000000D4  _RS1                               a_lcd
     000000D5  _F0                                a_lcd
     000000D6  _AC                                a_lcd
     000000D7  _CY                                a_lcd
     000000E0  _ACC                               a_lcd
     000000F0  _B                                 a_lcd

ASxxxx Linker V03.00 + NoICE + sdld,  page 6.
Hexadecimal  [32-Bits]

Area                                    Addr        Size        Decimal Bytes (Attributes)
--------------------------------        ----        ----        ------- ----- ------------
REG_BANK_0                          00000000    00000008 =           8. bytes (REL,OVR)

      Value  Global                              Global Defined In Module
      -----  --------------------------------   ------------------------
ASxxxx Linker V03.00 + NoICE + sdld,  page 7.
Hexadecimal  [32-Bits]

Area                                    Addr        Size        Decimal Bytes (Attributes)
--------------------------------        ----        ----        ------- ----- ------------
DSEG                                00000000    00000080 =         128. bytes (REL,CON)

      Value  Global                              Global Defined In Module
      -----  --------------------------------   ------------------------
     00000008  _numTable                          a_lcd
     00000012  _lcdVal                            a_lcd
     00000016  _showLcd_PARM_2                    a_lcd
ASxxxx Linker V03.00 + NoICE + sdld,  page 8.
Hexadecimal  [32-Bits]

Area                                    Addr        Size        Decimal Bytes (Attributes)
--------------------------------        ----        ----        ------- ----- ------------
OSEG                                00000017    00000001 =           1. bytes (REL,OVR)

      Value  Global                              Global Defined In Module
      -----  --------------------------------   ------------------------
     00000017  _setLcd_PARM_2                     a_lcd

ASxxxx Linker V03.00 + NoICE + sdld,  page 9.
Hexadecimal  [32-Bits]

Area                                    Addr        Size        Decimal Bytes (Attributes)
--------------------------------        ----        ----        ------- ----- ------------
SSEG                                00000018    000000E8 =         232. bytes (REL,OVR)

      Value  Global                              Global Defined In Module
      -----  --------------------------------   ------------------------
     00000018  __start__stack                     buttonPress

ASxxxx Linker V03.00 + NoICE + sdld,  page 10.
Hexadecimal  [32-Bits]

Area                                    Addr        Size        Decimal Bytes (Attributes)
--------------------------------        ----        ----        ------- ----- ------------
HOME                                00000000    00000006 =           6. bytes (REL,CON,CODE)

      Value  Global                              Global Defined In Module
      -----  --------------------------------   ------------------------
C:   00000003  __sdcc_program_startup             buttonPress

ASxxxx Linker V03.00 + NoICE + sdld,  page 11.
Hexadecimal  [32-Bits]

Area                                    Addr        Size        Decimal Bytes (Attributes)
--------------------------------        ----        ----        ------- ----- ------------
GSINIT0                             00000006    00000003 =           3. bytes (REL,CON,CODE)

      Value  Global                              Global Defined In Module
      -----  --------------------------------   ------------------------
C:   00000006  __sdcc_gsinit_startup              

ASxxxx Linker V03.00 + NoICE + sdld,  page 12.
Hexadecimal  [32-Bits]

Area                                    Addr        Size        Decimal Bytes (Attributes)
--------------------------------        ----        ----        ------- ----- ------------
GSINIT2                             00000009    0000000A =          10. bytes (REL,CON,CODE)

      Value  Global                              Global Defined In Module
      -----  --------------------------------   ------------------------
ASxxxx Linker V03.00 + NoICE + sdld,  page 13.
Hexadecimal  [32-Bits]

Area                                    Addr        Size        Decimal Bytes (Attributes)
--------------------------------        ----        ----        ------- ----- ------------
GSINIT3                             00000013    00000022 =          34. bytes (REL,CON,CODE)

      Value  Global                              Global Defined In Module
      -----  --------------------------------   ------------------------
C:   00000013  __mcs51_genXINIT                   

ASxxxx Linker V03.00 + NoICE + sdld,  page 14.
Hexadecimal  [32-Bits]

Area                                    Addr        Size        Decimal Bytes (Attributes)
--------------------------------        ----        ----        ------- ----- ------------
GSINIT4                             00000035    0000002A =          42. bytes (REL,CON,CODE)

      Value  Global                              Global Defined In Module
      -----  --------------------------------   ------------------------
C:   00000035  __mcs51_genRAMCLEAR                
C:   0000003B  __mcs51_genXRAMCLEAR               

ASxxxx Linker V03.00 + NoICE + sdld,  page 15.
Hexadecimal  [32-Bits]

Area                                    Addr        Size        Decimal Bytes (Attributes)
--------------------------------        ----        ----        ------- ----- ------------
GSINIT                              0000005F    00000021 =          33. bytes (REL,CON,CODE)

      Value  Global                              Global Defined In Module
      -----  --------------------------------   ------------------------
ASxxxx Linker V03.00 + NoICE + sdld,  page 16.
Hexadecimal  [32-Bits]

Area                                    Addr        Size        Decimal Bytes (Attributes)
--------------------------------        ----        ----        ------- ----- ------------
GSFINAL                             00000080    00000003 =           3. bytes (REL,CON,CODE)

      Value  Global                              Global Defined In Module
      -----  --------------------------------   ------------------------
ASxxxx Linker V03.00 + NoICE + sdld,  page 17.
Hexadecimal  [32-Bits]

Area                                    Addr        Size        Decimal Bytes (Attributes)
--------------------------------        ----        ----        ------- ----- ------------
CSEG                                00000083    00000192 =         402. bytes (REL,CON,CODE)

      Value  Global                              Global Defined In Module
      -----  --------------------------------   ------------------------
C:   00000083  _readButton                        buttonPress
C:   000000A2  _main                              buttonPress
C:   000000E7  _lcdDelay                          a_lcd
C:   000000F8  _showLcd2                          a_lcd
C:   0000013D  _showLcd3                          a_lcd
C:   00000189  _showLcd                           a_lcd
C:   000001D1  _addLcd                            a_lcd
C:   00000209  _setLcd                            a_lcd
C:   00000211  __sdcc_external_startup            _startup
ASxxxx Linker V03.00 + NoICE + sdld,  page 18.

Files Linked                              [ module(s) ]

buttonPress.rel                           [  ]
../a_lcd/a_lcd.rel                        [  ]


Libraries Linked                          [ object file ]

/usr/bin/../share/sdcc/lib/small/mcs51.lib
                                          [ crtclear.rel ]
/usr/bin/../share/sdcc/lib/small/mcs51.lib
                                          [ crtxinit.rel ]
/usr/bin/../share/sdcc/lib/small/mcs51.lib
                                          [ crtxclear.rel ]
/usr/bin/../share/sdcc/lib/small/mcs51.lib
                                          [ crtpagesfr.rel ]
/usr/bin/../share/sdcc/lib/small/mcs51.lib
                                          [ crtstart.rel ]
/usr/bin/../share/sdcc/lib/small/libsdcc.lib
                                          [ _startup.rel ]

ASxxxx Linker V03.00 + NoICE + sdld,  page 19.

User Base Address Definitions

HOME = 0x0000
XSEG = 0x0001
PSEG = 0x0001
ISEG = 0x0000
BSEG = 0x0000

